// Jest Snapshot v1, https://goo.gl/fbAQLP

exports[`NavBar should match element against snapshot 1`] = `
<nav
  class="navbar navbar-expand-lg navbar-dark bg-dark fixed-top"
>
  <a
    class="navbar-brand"
    href="#"
  >
    TODO App
  </a>
   
  <button
    aria-controls="navbarSupportedContent"
    aria-expanded="false"
    aria-label="Toggle navigation"
    class="navbar-toggler"
    data-target="#navbarSupportedContent"
    data-toggle="collapse"
    type="button"
  >
    <span
      class="navbar-toggler-icon"
    />
  </button>
   
  <div
    class="collapse navbar-collapse"
    id="navbarSupportedContent"
  >
    <ul
      class="navbar-nav mr-auto"
    >
      <li
        class="nav-item active"
      >
        <a
          class="nav-link"
          href="#"
        >
          Home 
          <span
            class="sr-only"
          >
            (current)
          </span>
        </a>
      </li>
    </ul>
     
    <form
      class="form-inline my-2 my-lg-0"
    >
      <button
        class="btn my-2 my-sm-0 btn-logout"
        type="submit"
      >
        Logout
      </button>
    </form>
  </div>
</nav>
`;
