// Jest Snapshot v1, https://goo.gl/fbAQLP

exports[`TaskList should match element against snapshot 1`] = `
<div
  class="list-wrapper"
>
  <ul
    class="d-flex flex-column-reverse todo-list"
  />
</div>
`;
